# acc_stage evidence report (generated by run_evidence.sh -- do not hand-edit)
# consumed_netlist=netlist_v2.v clock=clk_main scenario=func corner=typ signoff=OK paths=1 slack=0.130000
=== REPORT_TIMING BEGIN ===
****************************************
Report : timing
-path_type full
-delay_type max
-max_paths 1
-sort_by slack
****************************************
Startpoint: din (input port clocked by clk_main)
Endpoint: cap_reg (rising edge-triggered flip-flop clocked by clk_main)
Path Group: clk_main
Path Type: max
Point Incr Path
---------------------------------------------------------------
clock clk_main (rise edge) 0.00 0.00
clock network delay (ideal) 0.00 0.00
input external delay 1.40 1.40 r
din (in) 0.00 1.40 r
i_b0/Y (BUFX1) 0.10 1.50 r
i_b1/Y (BUFX1) 0.10 1.60 r
i_b2/Y (BUFX1) 0.10 1.70 r
i_b3/Y (BUFX1) 0.10 1.80 r
i_b4/Y (BUFX1) 0.10 1.90 r
i_b5/Y (BUFX1) 0.10 2.00 r
i_b6/Y (BUFX1) 0.10 2.10 r
i_b7/Y (BUFX1) 0.10 2.20 r
i_b8/Y (BUFX1) 0.10 2.30 r
i_b9/Y (BUFX1) 0.10 2.40 r
i_b10/Y (BUFX1) 0.10 2.50 r
i_b11/Y (BUFX1) 0.10 2.60 r
i_b12/Y (BUFX1) 0.10 2.70 r
cap_reg/D (DFFX1) 0.00 2.70 r
data arrival time 2.70
clock clk_main (rise edge) 3.00 3.00
clock network delay (ideal) 0.00 3.00
clock reconvergence pessimism 0.00 3.00
clock uncertainty -0.15 2.85
cap_reg/CK (DFFX1) 2.85 r
library setup time -0.02 2.83
data required time 2.83
---------------------------------------------------------------
data required time 2.83
data arrival time -2.70
---------------------------------------------------------------
slack (MET) 0.13
1
=== REPORT_TIMING END ===
