============================================================
  Design Compiler Synthesis Report
============================================================

  Top Module:         alu_top
  Clock:              clk_100m

------------------------------------------------------------
  Area Report
------------------------------------------------------------
  Combinational area:  12500.50
  Noncombinational area: 8750.25
  Total cell area:     21250.75

------------------------------------------------------------
  Cell Report
------------------------------------------------------------
  Number of cells:     3500
  Number of registers: 1200

------------------------------------------------------------
  Timing Report
------------------------------------------------------------
  Clock period:        10.0000
  Worst slack:         -0.1500

------------------------------------------------------------
  Compile Status
------------------------------------------------------------
  Compile status:      0 errors, 3 warnings
  Warning count:       3
  Error count:         0

============================================================
